2026-08-12 22:23:30.197 [main] [39mDEBUG[0;39m [36mo.s.c.g.config.GatewayProperties[0;39m - Routes supplied from Gateway Properties: [RouteDefinition{id='platform-public', predicates=[PredicateDefinition{name='Path', args={_genkey_0=/api/platform/public/**}}], filters=[FilterDefinition{name='StripPrefix', args={_genkey_0=1}}], uri=lb://MOMENT-FOREVER-PLATFORM, order=0, metadata={is-public=true}}, RouteDefinition{id='platform-auth', predicates=[PredicateDefinition{name='Path', args={_genkey_0=/api/platform/auth/**}}], filters=[FilterDefinition{name='StripPrefix', args={_genkey_0=1}}], uri=lb://MOMENT-FOREVER-PLATFORM, order=0, metadata={is-public=true}}, RouteDefinition{id='platform-uploads', predicates=[PredicateDefinition{name='Path', args={_genkey_0=/api/uploads/**}}], filters=[FilterDefinition{name='StripPrefix', args={_genkey_0=1}}], uri=lb://MOMENT-FOREVER-PLATFORM, order=0, metadata={is-public=true}}, RouteDefinition{id='platform-api-docs', predicates=[PredicateDefinition{name='Path', args={_genkey_0=/api/platform/v3/api-docs/**}}], filters=[FilterDefinition{name='StripPrefix', args={_genkey_0=1}}], uri=lb://MOMENT-FOREVER-PLATFORM, order=0, metadata={is-public=true}}, RouteDefinition{id='booking-api-docs', predicates=[PredicateDefinition{name='Path', args={_genkey_0=/api/booking/v3/api-docs/**}}], filters=[FilterDefinition{name='StripPrefix', args={_genkey_0=1}}], uri=lb://MOMENT-FOREVER-BOOKING, order=0, metadata={is-public=true}}, RouteDefinition{id='payment-api-docs', predicates=[PredicateDefinition{name='Path', args={_genkey_0=/api/payment/v3/api-docs/**}}], filters=[FilterDefinition{name='StripPrefix', args={_genkey_0=1}}], uri=lb://MOMENT-FOREVER-PAYMENT, order=0, metadata={is-public=true}}, RouteDefinition{id='platform-actuator-health', predicates=[PredicateDefinition{name='Path', args={_genkey_0=/api/platform/actuator/health}}], filters=[FilterDefinition{name='StripPrefix', args={_genkey_0=1}}], uri=lb://MOMENT-FOREVER-PLATFORM, order=0, metadata={is-public=true}}, RouteDefinition{id='booking-actuator-health', predicates=[PredicateDefinition{name='Path', args={_genkey_0=/api/booking/actuator/health}}], filters=[FilterDefinition{name='StripPrefix', args={_genkey_0=1}}], uri=lb://MOMENT-FOREVER-BOOKING, order=0, metadata={is-public=true}}, RouteDefinition{id='payment-actuator-health', predicates=[PredicateDefinition{name='Path', args={_genkey_0=/api/payment/actuator/health}}], filters=[FilterDefinition{name='StripPrefix', args={_genkey_0=1}}], uri=lb://MOMENT-FOREVER-PAYMENT, order=0, metadata={is-public=true}}, RouteDefinition{id='platform-admin', predicates=[PredicateDefinition{name='Path', args={_genkey_0=/api/platform/admin/**}}], filters=[FilterDefinition{name='StripPrefix', args={_genkey_0=1}}], uri=lb://MOMENT-FOREVER-PLATFORM, order=0, metadata={requires-auth=true}}, RouteDefinition{id='platform-user', predicates=[PredicateDefinition{name='Path', args={_genkey_0=/api/platform/user/**}}], filters=[FilterDefinition{name='StripPrefix', args={_genkey_0=1}}], uri=lb://MOMENT-FOREVER-PLATFORM, order=0, metadata={requires-auth=true}}, RouteDefinition{id='platform-other', predicates=[PredicateDefinition{name='Path', args={_genkey_0=/api/platform/**}}], filters=[FilterDefinition{name='StripPrefix', args={_genkey_0=1}}], uri=lb://MOMENT-FOREVER-PLATFORM, order=0, metadata={requires-auth=true}}, RouteDefinition{id='booking-service', predicates=[PredicateDefinition{name='Path', args={_genkey_0=/api/booking/**}}], filters=[FilterDefinition{name='StripPrefix', args={_genkey_0=1}}], uri=lb://MOMENT-FOREVER-BOOKING, order=0, metadata={requires-auth=true}}, RouteDefinition{id='payment-service', predicates=[PredicateDefinition{name='Path', args={_genkey_0=/api/payment/**}}], filters=[FilterDefinition{name='StripPrefix', args={_genkey_0=1}}], uri=lb://MOMENT-FOREVER-PAYMENT, order=0, metadata={requires-auth=true}}, RouteDefinition{id='platform-actuator', predicates=[PredicateDefinition{name='Path', args={_genkey_0=/api/platform/actuator/**}}], filters=[FilterDefinition{name='StripPrefix', args={_genkey_0=1}}], uri=lb://MOMENT-FOREVER-PLATFORM, order=0, metadata={requires-auth=true}}, RouteDefinition{id='booking-actuator', predicates=[PredicateDefinition{name='Path', args={_genkey_0=/api/booking/actuator/**}}], filters=[FilterDefinition{name='StripPrefix', args={_genkey_0=1}}], uri=lb://MOMENT-FOREVER-BOOKING, order=0, metadata={requires-auth=true}}, RouteDefinition{id='payment-actuator', predicates=[PredicateDefinition{name='Path', args={_genkey_0=/api/payment/actuator/**}}], filters=[FilterDefinition{name='StripPrefix', args={_genkey_0=1}}], uri=lb://MOMENT-FOREVER-PAYMENT, order=0, metadata={requires-auth=true}}]
2026-08-12 22:23:30.698 [main] [34mINFO [0;39m [36mo.s.c.g.r.RouteDefinitionRouteLocator[0;39m - Loaded RoutePredicateFactory [After]
2026-08-12 22:23:30.699 [main] [34mINFO [0;39m [36mo.s.c.g.r.RouteDefinitionRouteLocator[0;39m - Loaded RoutePredicateFactory [Before]
2026-08-12 22:23:30.699 [main] [34mINFO [0;39m [36mo.s.c.g.r.RouteDefinitionRouteLocator[0;39m - Loaded RoutePredicateFactory [Between]
2026-08-12 22:23:30.699 [main] [34mINFO [0;39m [36mo.s.c.g.r.RouteDefinitionRouteLocator[0;39m - Loaded RoutePredicateFactory [Cookie]
2026-08-12 22:23:30.700 [main] [34mINFO [0;39m [36mo.s.c.g.r.RouteDefinitionRouteLocator[0;39m - Loaded RoutePredicateFactory [Header]
2026-08-12 22:23:30.700 [main] [34mINFO [0;39m [36mo.s.c.g.r.RouteDefinitionRouteLocator[0;39m - Loaded RoutePredicateFactory [Host]
2026-08-12 22:23:30.700 [main] [34mINFO [0;39m [36mo.s.c.g.r.RouteDefinitionRouteLocator[0;39m - Loaded RoutePredicateFactory [Method]
2026-08-12 22:23:30.700 [main] [34mINFO [0;39m [36mo.s.c.g.r.RouteDefinitionRouteLocator[0;39m - Loaded RoutePredicateFactory [Path]
2026-08-12 22:23:30.700 [main] [34mINFO [0;39m [36mo.s.c.g.r.RouteDefinitionRouteLocator[0;39m - Loaded RoutePredicateFactory [Query]
2026-08-12 22:23:30.700 [main] [34mINFO [0;39m [36mo.s.c.g.r.RouteDefinitionRouteLocator[0;39m - Loaded RoutePredicateFactory [ReadBody]
2026-08-12 22:23:30.700 [main] [34mINFO [0;39m [36mo.s.c.g.r.RouteDefinitionRouteLocator[0;39m - Loaded RoutePredicateFactory [RemoteAddr]
2026-08-12 22:23:30.701 [main] [34mINFO [0;39m [36mo.s.c.g.r.RouteDefinitionRouteLocator[0;39m - Loaded RoutePredicateFactory [XForwardedRemoteAddr]
2026-08-12 22:23:30.701 [main] [34mINFO [0;39m [36mo.s.c.g.r.RouteDefinitionRouteLocator[0;39m - Loaded RoutePredicateFactory [Weight]
2026-08-12 22:23:30.701 [main] [34mINFO [0;39m [36mo.s.c.g.r.RouteDefinitionRouteLocator[0;39m - Loaded RoutePredicateFactory [CloudFoundryRouteService]
2026-08-12 22:23:31.744 [main] [39mDEBUG[0;39m [36mo.s.c.g.r.RouteDefinitionRouteLocator[0;39m - RouteDefinition platform-public applying {_genkey_0=/api/platform/public/**} to Path
2026-08-12 22:23:31.766 [main] [39mDEBUG[0;39m [36mo.s.c.g.r.RouteDefinitionRouteLocator[0;39m - RouteDefinition platform-public applying filter {_genkey_0=1} to StripPrefix
2026-08-12 22:23:31.775 [main] [39mDEBUG[0;39m [36mo.s.c.g.r.RouteDefinitionRouteLocator[0;39m - RouteDefinition matched: platform-public
2026-08-12 22:23:31.776 [main] [39mDEBUG[0;39m [36mo.s.c.g.r.RouteDefinitionRouteLocator[0;39m - RouteDefinition platform-auth applying {_genkey_0=/api/platform/auth/**} to Path
2026-08-12 22:23:31.777 [main] [39mDEBUG[0;39m [36mo.s.c.g.r.RouteDefinitionRouteLocator[0;39m - RouteDefinition platform-auth applying filter {_genkey_0=1} to StripPrefix
2026-08-12 22:23:31.777 [main] [39mDEBUG[0;39m [36mo.s.c.g.r.RouteDefinitionRouteLocator[0;39m - RouteDefinition matched: platform-auth
2026-08-12 22:23:31.778 [main] [39mDEBUG[0;39m [36mo.s.c.g.r.RouteDefinitionRouteLocator[0;39m - RouteDefinition platform-uploads applying {_genkey_0=/api/uploads/**} to Path
2026-08-12 22:23:31.778 [main] [39mDEBUG[0;39m [36mo.s.c.g.r.RouteDefinitionRouteLocator[0;39m - RouteDefinition platform-uploads applying filter {_genkey_0=1} to StripPrefix
2026-08-12 22:23:31.779 [main] [39mDEBUG[0;39m [36mo.s.c.g.r.RouteDefinitionRouteLocator[0;39m - RouteDefinition matched: platform-uploads
2026-08-12 22:23:31.779 [main] [39mDEBUG[0;39m [36mo.s.c.g.r.RouteDefinitionRouteLocator[0;39m - RouteDefinition platform-api-docs applying {_genkey_0=/api/platform/v3/api-docs/**} to Path
2026-08-12 22:23:31.780 [main] [39mDEBUG[0;39m [36mo.s.c.g.r.RouteDefinitionRouteLocator[0;39m - RouteDefinition platform-api-docs applying filter {_genkey_0=1} to StripPrefix
2026-08-12 22:23:31.784 [main] [39mDEBUG[0;39m [36mo.s.c.g.r.RouteDefinitionRouteLocator[0;39m - RouteDefinition matched: platform-api-docs
2026-08-12 22:23:31.785 [main] [39mDEBUG[0;39m [36mo.s.c.g.r.RouteDefinitionRouteLocator[0;39m - RouteDefinition booking-api-docs applying {_genkey_0=/api/booking/v3/api-docs/**} to Path
2026-08-12 22:23:31.787 [main] [39mDEBUG[0;39m [36mo.s.c.g.r.RouteDefinitionRouteLocator[0;39m - RouteDefinition booking-api-docs applying filter {_genkey_0=1} to StripPrefix
2026-08-12 22:23:31.790 [main] [39mDEBUG[0;39m [36mo.s.c.g.r.RouteDefinitionRouteLocator[0;39m - RouteDefinition matched: booking-api-docs
2026-08-12 22:23:31.790 [main] [39mDEBUG[0;39m [36mo.s.c.g.r.RouteDefinitionRouteLocator[0;39m - RouteDefinition payment-api-docs applying {_genkey_0=/api/payment/v3/api-docs/**} to Path
2026-08-12 22:23:31.795 [main] [39mDEBUG[0;39m [36mo.s.c.g.r.RouteDefinitionRouteLocator[0;39m - RouteDefinition payment-api-docs applying filter {_genkey_0=1} to StripPrefix
2026-08-12 22:23:31.796 [main] [39mDEBUG[0;39m [36mo.s.c.g.r.RouteDefinitionRouteLocator[0;39m - RouteDefinition matched: payment-api-docs
2026-08-12 22:23:31.796 [main] [39mDEBUG[0;39m [36mo.s.c.g.r.RouteDefinitionRouteLocator[0;39m - RouteDefinition platform-actuator-health applying {_genkey_0=/api/platform/actuator/health} to Path
2026-08-12 22:23:31.797 [main] [39mDEBUG[0;39m [36mo.s.c.g.r.RouteDefinitionRouteLocator[0;39m - RouteDefinition platform-actuator-health applying filter {_genkey_0=1} to StripPrefix
2026-08-12 22:23:31.798 [main] [39mDEBUG[0;39m [36mo.s.c.g.r.RouteDefinitionRouteLocator[0;39m - RouteDefinition matched: platform-actuator-health
2026-08-12 22:23:31.799 [main] [39mDEBUG[0;39m [36mo.s.c.g.r.RouteDefinitionRouteLocator[0;39m - RouteDefinition booking-actuator-health applying {_genkey_0=/api/booking/actuator/health} to Path
2026-08-12 22:23:31.801 [main] [39mDEBUG[0;39m [36mo.s.c.g.r.RouteDefinitionRouteLocator[0;39m - RouteDefinition booking-actuator-health applying filter {_genkey_0=1} to StripPrefix
2026-08-12 22:23:31.802 [main] [39mDEBUG[0;39m [36mo.s.c.g.r.RouteDefinitionRouteLocator[0;39m - RouteDefinition matched: booking-actuator-health
2026-08-12 22:23:31.802 [main] [39mDEBUG[0;39m [36mo.s.c.g.r.RouteDefinitionRouteLocator[0;39m - RouteDefinition payment-actuator-health applying {_genkey_0=/api/payment/actuator/health} to Path
2026-08-12 22:23:31.804 [main] [39mDEBUG[0;39m [36mo.s.c.g.r.RouteDefinitionRouteLocator[0;39m - RouteDefinition payment-actuator-health applying filter {_genkey_0=1} to StripPrefix
2026-08-12 22:23:31.805 [main] [39mDEBUG[0;39m [36mo.s.c.g.r.RouteDefinitionRouteLocator[0;39m - RouteDefinition matched: payment-actuator-health
2026-08-12 22:23:31.805 [main] [39mDEBUG[0;39m [36mo.s.c.g.r.RouteDefinitionRouteLocator[0;39m - RouteDefinition platform-admin applying {_genkey_0=/api/platform/admin/**} to Path
2026-08-12 22:23:31.805 [main] [39mDEBUG[0;39m [36mo.s.c.g.r.RouteDefinitionRouteLocator[0;39m - RouteDefinition platform-admin applying filter {_genkey_0=1} to StripPrefix
2026-08-12 22:23:31.806 [main] [39mDEBUG[0;39m [36mo.s.c.g.r.RouteDefinitionRouteLocator[0;39m - RouteDefinition matched: platform-admin
2026-08-12 22:23:31.806 [main] [39mDEBUG[0;39m [36mo.s.c.g.r.RouteDefinitionRouteLocator[0;39m - RouteDefinition platform-user applying {_genkey_0=/api/platform/user/**} to Path
2026-08-12 22:23:31.807 [main] [39mDEBUG[0;39m [36mo.s.c.g.r.RouteDefinitionRouteLocator[0;39m - RouteDefinition platform-user applying filter {_genkey_0=1} to StripPrefix
2026-08-12 22:23:31.808 [main] [39mDEBUG[0;39m [36mo.s.c.g.r.RouteDefinitionRouteLocator[0;39m - RouteDefinition matched: platform-user
2026-08-12 22:23:31.808 [main] [39mDEBUG[0;39m [36mo.s.c.g.r.RouteDefinitionRouteLocator[0;39m - RouteDefinition platform-other applying {_genkey_0=/api/platform/**} to Path
2026-08-12 22:23:31.808 [main] [39mDEBUG[0;39m [36mo.s.c.g.r.RouteDefinitionRouteLocator[0;39m - RouteDefinition platform-other applying filter {_genkey_0=1} to StripPrefix
2026-08-12 22:23:31.808 [main] [39mDEBUG[0;39m [36mo.s.c.g.r.RouteDefinitionRouteLocator[0;39m - RouteDefinition matched: platform-other
2026-08-12 22:23:31.808 [main] [39mDEBUG[0;39m [36mo.s.c.g.r.RouteDefinitionRouteLocator[0;39m - RouteDefinition booking-service applying {_genkey_0=/api/booking/**} to Path
2026-08-12 22:23:31.809 [main] [39mDEBUG[0;39m [36mo.s.c.g.r.RouteDefinitionRouteLocator[0;39m - RouteDefinition booking-service applying filter {_genkey_0=1} to StripPrefix
2026-08-12 22:23:31.809 [main] [39mDEBUG[0;39m [36mo.s.c.g.r.RouteDefinitionRouteLocator[0;39m - RouteDefinition matched: booking-service
2026-08-12 22:23:31.810 [main] [39mDEBUG[0;39m [36mo.s.c.g.r.RouteDefinitionRouteLocator[0;39m - RouteDefinition payment-service applying {_genkey_0=/api/payment/**} to Path
2026-08-12 22:23:31.810 [main] [39mDEBUG[0;39m [36mo.s.c.g.r.RouteDefinitionRouteLocator[0;39m - RouteDefinition payment-service applying filter {_genkey_0=1} to StripPrefix
2026-08-12 22:23:31.811 [main] [39mDEBUG[0;39m [36mo.s.c.g.r.RouteDefinitionRouteLocator[0;39m - RouteDefinition matched: payment-service
2026-08-12 22:23:31.811 [main] [39mDEBUG[0;39m [36mo.s.c.g.r.RouteDefinitionRouteLocator[0;39m - RouteDefinition platform-actuator applying {_genkey_0=/api/platform/actuator/**} to Path
2026-08-12 22:23:31.811 [main] [39mDEBUG[0;39m [36mo.s.c.g.r.RouteDefinitionRouteLocator[0;39m - RouteDefinition platform-actuator applying filter {_genkey_0=1} to StripPrefix
2026-08-12 22:23:31.812 [main] [39mDEBUG[0;39m [36mo.s.c.g.r.RouteDefinitionRouteLocator[0;39m - RouteDefinition matched: platform-actuator
2026-08-12 22:23:31.812 [main] [39mDEBUG[0;39m [36mo.s.c.g.r.RouteDefinitionRouteLocator[0;39m - RouteDefinition booking-actuator applying {_genkey_0=/api/booking/actuator/**} to Path
2026-08-12 22:23:31.813 [main] [39mDEBUG[0;39m [36mo.s.c.g.r.RouteDefinitionRouteLocator[0;39m - RouteDefinition booking-actuator applying filter {_genkey_0=1} to StripPrefix
2026-08-12 22:23:31.814 [main] [39mDEBUG[0;39m [36mo.s.c.g.r.RouteDefinitionRouteLocator[0;39m - RouteDefinition matched: booking-actuator
2026-08-12 22:23:31.814 [main] [39mDEBUG[0;39m [36mo.s.c.g.r.RouteDefinitionRouteLocator[0;39m - RouteDefinition payment-actuator applying {_genkey_0=/api/payment/actuator/**} to Path
2026-08-12 22:23:31.815 [main] [39mDEBUG[0;39m [36mo.s.c.g.r.RouteDefinitionRouteLocator[0;39m - RouteDefinition payment-actuator applying filter {_genkey_0=1} to StripPrefix
2026-08-12 22:23:31.817 [main] [39mDEBUG[0;39m [36mo.s.c.g.r.RouteDefinitionRouteLocator[0;39m - RouteDefinition matched: payment-actuator
2026-08-12 22:23:31.826 [main] [39mDEBUG[0;39m [36mo.s.c.g.filter.GatewayMetricsFilter[0;39m - New routes count: 17
2026-09-20 23:10:37.231 [main] [39mDEBUG[0;39m [36mo.s.c.g.config.GatewayProperties[0;39m - Routes supplied from Gateway Properties: [RouteDefinition{id='platform-public', predicates=[PredicateDefinition{name='Path', args={_genkey_0=/api/platform/public/**}}], filters=[FilterDefinition{name='StripPrefix', args={_genkey_0=1}}], uri=lb://MOMENT-FOREVER-PLATFORM, order=0, metadata={is-public=true}}, RouteDefinition{id='platform-auth', predicates=[PredicateDefinition{name='Path', args={_genkey_0=/api/platform/auth/**}}], filters=[FilterDefinition{name='StripPrefix', args={_genkey_0=1}}], uri=lb://MOMENT-FOREVER-PLATFORM, order=0, metadata={is-public=true}}, RouteDefinition{id='platform-uploads', predicates=[PredicateDefinition{name='Path', args={_genkey_0=/api/uploads/**}}], filters=[FilterDefinition{name='StripPrefix', args={_genkey_0=1}}], uri=lb://MOMENT-FOREVER-PLATFORM, order=0, metadata={is-public=true}}, RouteDefinition{id='platform-api-docs', predicates=[PredicateDefinition{name='Path', args={_genkey_0=/api/platform/v3/api-docs/**}}], filters=[FilterDefinition{name='StripPrefix', args={_genkey_0=1}}], uri=lb://MOMENT-FOREVER-PLATFORM, order=0, metadata={is-public=true}}, RouteDefinition{id='booking-api-docs', predicates=[PredicateDefinition{name='Path', args={_genkey_0=/api/booking/v3/api-docs/**}}], filters=[FilterDefinition{name='StripPrefix', args={_genkey_0=1}}], uri=lb://MOMENT-FOREVER-BOOKING, order=0, metadata={is-public=true}}, RouteDefinition{id='payment-api-docs', predicates=[PredicateDefinition{name='Path', args={_genkey_0=/api/payment/v3/api-docs/**}}], filters=[FilterDefinition{name='StripPrefix', args={_genkey_0=1}}], uri=lb://MOMENT-FOREVER-PAYMENT, order=0, metadata={is-public=true}}, RouteDefinition{id='platform-actuator-health', predicates=[PredicateDefinition{name='Path', args={_genkey_0=/api/platform/actuator/health}}], filters=[FilterDefinition{name='StripPrefix', args={_genkey_0=1}}], uri=lb://MOMENT-FOREVER-PLATFORM, order=0, metadata={is-public=true}}, RouteDefinition{id='booking-actuator-health', predicates=[PredicateDefinition{name='Path', args={_genkey_0=/api/booking/actuator/health}}], filters=[FilterDefinition{name='StripPrefix', args={_genkey_0=1}}], uri=lb://MOMENT-FOREVER-BOOKING, order=0, metadata={is-public=true}}, RouteDefinition{id='payment-actuator-health', predicates=[PredicateDefinition{name='Path', args={_genkey_0=/api/payment/actuator/health}}], filters=[FilterDefinition{name='StripPrefix', args={_genkey_0=1}}], uri=lb://MOMENT-FOREVER-PAYMENT, order=0, metadata={is-public=true}}, RouteDefinition{id='platform-admin', predicates=[PredicateDefinition{name='Path', args={_genkey_0=/api/platform/admin/**}}], filters=[FilterDefinition{name='StripPrefix', args={_genkey_0=1}}], uri=lb://MOMENT-FOREVER-PLATFORM, order=0, metadata={requires-auth=true}}, RouteDefinition{id='platform-user', predicates=[PredicateDefinition{name='Path', args={_genkey_0=/api/platform/user/**}}], filters=[FilterDefinition{name='StripPrefix', args={_genkey_0=1}}], uri=lb://MOMENT-FOREVER-PLATFORM, order=0, metadata={requires-auth=true}}, RouteDefinition{id='platform-other', predicates=[PredicateDefinition{name='Path', args={_genkey_0=/api/platform/**}}], filters=[FilterDefinition{name='StripPrefix', args={_genkey_0=1}}], uri=lb://MOMENT-FOREVER-PLATFORM, order=0, metadata={requires-auth=true}}, RouteDefinition{id='booking-service', predicates=[PredicateDefinition{name='Path', args={_genkey_0=/api/booking/**}}], filters=[FilterDefinition{name='StripPrefix', args={_genkey_0=1}}], uri=lb://MOMENT-FOREVER-BOOKING, order=0, metadata={requires-auth=true}}, RouteDefinition{id='payment-service', predicates=[PredicateDefinition{name='Path', args={_genkey_0=/api/payment/**}}], filters=[FilterDefinition{name='StripPrefix', args={_genkey_0=1}}], uri=lb://MOMENT-FOREVER-PAYMENT, order=0, metadata={requires-auth=true}}, RouteDefinition{id='platform-actuator', predicates=[PredicateDefinition{name='Path', args={_genkey_0=/api/platform/actuator/**}}], filters=[FilterDefinition{name='StripPrefix', args={_genkey_0=1}}], uri=lb://MOMENT-FOREVER-PLATFORM, order=0, metadata={requires-auth=true}}, RouteDefinition{id='booking-actuator', predicates=[PredicateDefinition{name='Path', args={_genkey_0=/api/booking/actuator/**}}], filters=[FilterDefinition{name='StripPrefix', args={_genkey_0=1}}], uri=lb://MOMENT-FOREVER-BOOKING, order=0, metadata={requires-auth=true}}, RouteDefinition{id='payment-actuator', predicates=[PredicateDefinition{name='Path', args={_genkey_0=/api/payment/actuator/**}}], filters=[FilterDefinition{name='StripPrefix', args={_genkey_0=1}}], uri=lb://MOMENT-FOREVER-PAYMENT, order=0, metadata={requires-auth=true}}]
2026-09-20 23:10:37.981 [main] [34mINFO [0;39m [36mo.s.c.g.r.RouteDefinitionRouteLocator[0;39m - Loaded RoutePredicateFactory [After]
2026-09-20 23:10:37.982 [main] [34mINFO [0;39m [36mo.s.c.g.r.RouteDefinitionRouteLocator[0;39m - Loaded RoutePredicateFactory [Before]
2026-09-20 23:10:37.982 [main] [34mINFO [0;39m [36mo.s.c.g.r.RouteDefinitionRouteLocator[0;39m - Loaded RoutePredicateFactory [Between]
2026-09-20 23:10:37.982 [main] [34mINFO [0;39m [36mo.s.c.g.r.RouteDefinitionRouteLocator[0;39m - Loaded RoutePredicateFactory [Cookie]
2026-09-20 23:10:37.982 [main] [34mINFO [0;39m [36mo.s.c.g.r.RouteDefinitionRouteLocator[0;39m - Loaded RoutePredicateFactory [Header]
2026-09-20 23:10:37.982 [main] [34mINFO [0;39m [36mo.s.c.g.r.RouteDefinitionRouteLocator[0;39m - Loaded RoutePredicateFactory [Host]
2026-09-20 23:10:37.982 [main] [34mINFO [0;39m [36mo.s.c.g.r.RouteDefinitionRouteLocator[0;39m - Loaded RoutePredicateFactory [Method]
2026-09-20 23:10:37.982 [main] [34mINFO [0;39m [36mo.s.c.g.r.RouteDefinitionRouteLocator[0;39m - Loaded RoutePredicateFactory [Path]
2026-09-20 23:10:37.982 [main] [34mINFO [0;39m [36mo.s.c.g.r.RouteDefinitionRouteLocator[0;39m - Loaded RoutePredicateFactory [Query]
2026-09-20 23:10:37.982 [main] [34mINFO [0;39m [36mo.s.c.g.r.RouteDefinitionRouteLocator[0;39m - Loaded RoutePredicateFactory [ReadBody]
2026-09-20 23:10:37.983 [main] [34mINFO [0;39m [36mo.s.c.g.r.RouteDefinitionRouteLocator[0;39m - Loaded RoutePredicateFactory [RemoteAddr]
2026-09-20 23:10:37.983 [main] [34mINFO [0;39m [36mo.s.c.g.r.RouteDefinitionRouteLocator[0;39m - Loaded RoutePredicateFactory [XForwardedRemoteAddr]
2026-09-20 23:10:37.983 [main] [34mINFO [0;39m [36mo.s.c.g.r.RouteDefinitionRouteLocator[0;39m - Loaded RoutePredicateFactory [Weight]
2026-09-20 23:10:37.983 [main] [34mINFO [0;39m [36mo.s.c.g.r.RouteDefinitionRouteLocator[0;39m - Loaded RoutePredicateFactory [CloudFoundryRouteService]
2026-09-20 23:10:39.566 [main] [39mDEBUG[0;39m [36mo.s.c.g.r.RouteDefinitionRouteLocator[0;39m - RouteDefinition platform-public applying {_genkey_0=/api/platform/public/**} to Path
2026-09-20 23:10:39.602 [main] [39mDEBUG[0;39m [36mo.s.c.g.r.RouteDefinitionRouteLocator[0;39m - RouteDefinition platform-public applying filter {_genkey_0=1} to StripPrefix
2026-09-20 23:10:39.614 [main] [39mDEBUG[0;39m [36mo.s.c.g.r.RouteDefinitionRouteLocator[0;39m - RouteDefinition matched: platform-public
2026-09-20 23:10:39.615 [main] [39mDEBUG[0;39m [36mo.s.c.g.r.RouteDefinitionRouteLocator[0;39m - RouteDefinition platform-auth applying {_genkey_0=/api/platform/auth/**} to Path
2026-09-20 23:10:39.617 [main] [39mDEBUG[0;39m [36mo.s.c.g.r.RouteDefinitionRouteLocator[0;39m - RouteDefinition platform-auth applying filter {_genkey_0=1} to StripPrefix
2026-09-20 23:10:39.619 [main] [39mDEBUG[0;39m [36mo.s.c.g.r.RouteDefinitionRouteLocator[0;39m - RouteDefinition matched: platform-auth
2026-09-20 23:10:39.619 [main] [39mDEBUG[0;39m [36mo.s.c.g.r.RouteDefinitionRouteLocator[0;39m - RouteDefinition platform-uploads applying {_genkey_0=/api/uploads/**} to Path
2026-09-20 23:10:39.620 [main] [39mDEBUG[0;39m [36mo.s.c.g.r.RouteDefinitionRouteLocator[0;39m - RouteDefinition platform-uploads applying filter {_genkey_0=1} to StripPrefix
2026-09-20 23:10:39.621 [main] [39mDEBUG[0;39m [36mo.s.c.g.r.RouteDefinitionRouteLocator[0;39m - RouteDefinition matched: platform-uploads
2026-09-20 23:10:39.621 [main] [39mDEBUG[0;39m [36mo.s.c.g.r.RouteDefinitionRouteLocator[0;39m - RouteDefinition platform-api-docs applying {_genkey_0=/api/platform/v3/api-docs/**} to Path
2026-09-20 23:10:39.623 [main] [39mDEBUG[0;39m [36mo.s.c.g.r.RouteDefinitionRouteLocator[0;39m - RouteDefinition platform-api-docs applying filter {_genkey_0=1} to StripPrefix
2026-09-20 23:10:39.624 [main] [39mDEBUG[0;39m [36mo.s.c.g.r.RouteDefinitionRouteLocator[0;39m - RouteDefinition matched: platform-api-docs
2026-09-20 23:10:39.625 [main] [39mDEBUG[0;39m [36mo.s.c.g.r.RouteDefinitionRouteLocator[0;39m - RouteDefinition booking-api-docs applying {_genkey_0=/api/booking/v3/api-docs/**} to Path
2026-09-20 23:10:39.625 [main] [39mDEBUG[0;39m [36mo.s.c.g.r.RouteDefinitionRouteLocator[0;39m - RouteDefinition booking-api-docs applying filter {_genkey_0=1} to StripPrefix
2026-09-20 23:10:39.628 [main] [39mDEBUG[0;39m [36mo.s.c.g.r.RouteDefinitionRouteLocator[0;39m - RouteDefinition matched: booking-api-docs
2026-09-20 23:10:39.629 [main] [39mDEBUG[0;39m [36mo.s.c.g.r.RouteDefinitionRouteLocator[0;39m - RouteDefinition payment-api-docs applying {_genkey_0=/api/payment/v3/api-docs/**} to Path
2026-09-20 23:10:39.631 [main] [39mDEBUG[0;39m [36mo.s.c.g.r.RouteDefinitionRouteLocator[0;39m - RouteDefinition payment-api-docs applying filter {_genkey_0=1} to StripPrefix
2026-09-20 23:10:39.633 [main] [39mDEBUG[0;39m [36mo.s.c.g.r.RouteDefinitionRouteLocator[0;39m - RouteDefinition matched: payment-api-docs
2026-09-20 23:10:39.634 [main] [39mDEBUG[0;39m [36mo.s.c.g.r.RouteDefinitionRouteLocator[0;39m - RouteDefinition platform-actuator-health applying {_genkey_0=/api/platform/actuator/health} to Path
2026-09-20 23:10:39.642 [main] [39mDEBUG[0;39m [36mo.s.c.g.r.RouteDefinitionRouteLocator[0;39m - RouteDefinition platform-actuator-health applying filter {_genkey_0=1} to StripPrefix
2026-09-20 23:10:39.643 [main] [39mDEBUG[0;39m [36mo.s.c.g.r.RouteDefinitionRouteLocator[0;39m - RouteDefinition matched: platform-actuator-health
2026-09-20 23:10:39.644 [main] [39mDEBUG[0;39m [36mo.s.c.g.r.RouteDefinitionRouteLocator[0;39m - RouteDefinition booking-actuator-health applying {_genkey_0=/api/booking/actuator/health} to Path
2026-09-20 23:10:39.647 [main] [39mDEBUG[0;39m [36mo.s.c.g.r.RouteDefinitionRouteLocator[0;39m - RouteDefinition booking-actuator-health applying filter {_genkey_0=1} to StripPrefix
2026-09-20 23:10:39.648 [main] [39mDEBUG[0;39m [36mo.s.c.g.r.RouteDefinitionRouteLocator[0;39m - RouteDefinition matched: booking-actuator-health
2026-09-20 23:10:39.649 [main] [39mDEBUG[0;39m [36mo.s.c.g.r.RouteDefinitionRouteLocator[0;39m - RouteDefinition payment-actuator-health applying {_genkey_0=/api/payment/actuator/health} to Path
2026-09-20 23:10:39.650 [main] [39mDEBUG[0;39m [36mo.s.c.g.r.RouteDefinitionRouteLocator[0;39m - RouteDefinition payment-actuator-health applying filter {_genkey_0=1} to StripPrefix
2026-09-20 23:10:39.652 [main] [39mDEBUG[0;39m [36mo.s.c.g.r.RouteDefinitionRouteLocator[0;39m - RouteDefinition matched: payment-actuator-health
2026-09-20 23:10:39.652 [main] [39mDEBUG[0;39m [36mo.s.c.g.r.RouteDefinitionRouteLocator[0;39m - RouteDefinition platform-admin applying {_genkey_0=/api/platform/admin/**} to Path
2026-09-20 23:10:39.654 [main] [39mDEBUG[0;39m [36mo.s.c.g.r.RouteDefinitionRouteLocator[0;39m - RouteDefinition platform-admin applying filter {_genkey_0=1} to StripPrefix
2026-09-20 23:10:39.656 [main] [39mDEBUG[0;39m [36mo.s.c.g.r.RouteDefinitionRouteLocator[0;39m - RouteDefinition matched: platform-admin
2026-09-20 23:10:39.656 [main] [39mDEBUG[0;39m [36mo.s.c.g.r.RouteDefinitionRouteLocator[0;39m - RouteDefinition platform-user applying {_genkey_0=/api/platform/user/**} to Path
2026-09-20 23:10:39.657 [main] [39mDEBUG[0;39m [36mo.s.c.g.r.RouteDefinitionRouteLocator[0;39m - RouteDefinition platform-user applying filter {_genkey_0=1} to StripPrefix
2026-09-20 23:10:39.658 [main] [39mDEBUG[0;39m [36mo.s.c.g.r.RouteDefinitionRouteLocator[0;39m - RouteDefinition matched: platform-user
2026-09-20 23:10:39.659 [main] [39mDEBUG[0;39m [36mo.s.c.g.r.RouteDefinitionRouteLocator[0;39m - RouteDefinition platform-other applying {_genkey_0=/api/platform/**} to Path
2026-09-20 23:10:39.660 [main] [39mDEBUG[0;39m [36mo.s.c.g.r.RouteDefinitionRouteLocator[0;39m - RouteDefinition platform-other applying filter {_genkey_0=1} to StripPrefix
2026-09-20 23:10:39.662 [main] [39mDEBUG[0;39m [36mo.s.c.g.r.RouteDefinitionRouteLocator[0;39m - RouteDefinition matched: platform-other
2026-09-20 23:10:39.663 [main] [39mDEBUG[0;39m [36mo.s.c.g.r.RouteDefinitionRouteLocator[0;39m - RouteDefinition booking-service applying {_genkey_0=/api/booking/**} to Path
2026-09-20 23:10:39.663 [catalogWatchTaskScheduler-1] [39mDEBUG[0;39m [36mo.s.c.g.r.RouteDefinitionRouteLocator[0;39m - RouteDefinition platform-public applying {_genkey_0=/api/platform/public/**} to Path
2026-09-20 23:10:39.665 [catalogWatchTaskScheduler-1] [39mDEBUG[0;39m [36mo.s.c.g.r.RouteDefinitionRouteLocator[0;39m - RouteDefinition platform-public applying filter {_genkey_0=1} to StripPrefix
2026-09-20 23:10:39.665 [main] [39mDEBUG[0;39m [36mo.s.c.g.r.RouteDefinitionRouteLocator[0;39m - RouteDefinition booking-service applying filter {_genkey_0=1} to StripPrefix
2026-09-20 23:10:39.666 [main] [39mDEBUG[0;39m [36mo.s.c.g.r.RouteDefinitionRouteLocator[0;39m - RouteDefinition matched: booking-service
2026-09-20 23:10:39.666 [catalogWatchTaskScheduler-1] [39mDEBUG[0;39m [36mo.s.c.g.r.RouteDefinitionRouteLocator[0;39m - RouteDefinition matched: platform-public
2026-09-20 23:10:39.667 [main] [39mDEBUG[0;39m [36mo.s.c.g.r.RouteDefinitionRouteLocator[0;39m - RouteDefinition payment-service applying {_genkey_0=/api/payment/**} to Path
2026-09-20 23:10:39.667 [catalogWatchTaskScheduler-1] [39mDEBUG[0;39m [36mo.s.c.g.r.RouteDefinitionRouteLocator[0;39m - RouteDefinition platform-auth applying {_genkey_0=/api/platform/auth/**} to Path
2026-09-20 23:10:39.668 [main] [39mDEBUG[0;39m [36mo.s.c.g.r.RouteDefinitionRouteLocator[0;39m - RouteDefinition payment-service applying filter {_genkey_0=1} to StripPrefix
2026-09-20 23:10:39.669 [main] [39mDEBUG[0;39m [36mo.s.c.g.r.RouteDefinitionRouteLocator[0;39m - RouteDefinition matched: payment-service
2026-09-20 23:10:39.669 [main] [39mDEBUG[0;39m [36mo.s.c.g.r.RouteDefinitionRouteLocator[0;39m - RouteDefinition platform-actuator applying {_genkey_0=/api/platform/actuator/**} to Path
2026-09-20 23:10:39.670 [catalogWatchTaskScheduler-1] [39mDEBUG[0;39m [36mo.s.c.g.r.RouteDefinitionRouteLocator[0;39m - RouteDefinition platform-auth applying filter {_genkey_0=1} to StripPrefix
2026-09-20 23:10:39.670 [main] [39mDEBUG[0;39m [36mo.s.c.g.r.RouteDefinitionRouteLocator[0;39m - RouteDefinition platform-actuator applying filter {_genkey_0=1} to StripPrefix
2026-09-20 23:10:39.672 [catalogWatchTaskScheduler-1] [39mDEBUG[0;39m [36mo.s.c.g.r.RouteDefinitionRouteLocator[0;39m - RouteDefinition matched: platform-auth
2026-09-20 23:10:39.672 [main] [39mDEBUG[0;39m [36mo.s.c.g.r.RouteDefinitionRouteLocator[0;39m - RouteDefinition matched: platform-actuator
2026-09-20 23:10:39.672 [catalogWatchTaskScheduler-1] [39mDEBUG[0;39m [36mo.s.c.g.r.RouteDefinitionRouteLocator[0;39m - RouteDefinition platform-uploads applying {_genkey_0=/api/uploads/**} to Path
2026-09-20 23:10:39.672 [main] [39mDEBUG[0;39m [36mo.s.c.g.r.RouteDefinitionRouteLocator[0;39m - RouteDefinition booking-actuator applying {_genkey_0=/api/booking/actuator/**} to Path
2026-09-20 23:10:39.674 [catalogWatchTaskScheduler-1] [39mDEBUG[0;39m [36mo.s.c.g.r.RouteDefinitionRouteLocator[0;39m - RouteDefinition platform-uploads applying filter {_genkey_0=1} to StripPrefix
2026-09-20 23:10:39.674 [main] [39mDEBUG[0;39m [36mo.s.c.g.r.RouteDefinitionRouteLocator[0;39m - RouteDefinition booking-actuator applying filter {_genkey_0=1} to StripPrefix
2026-09-20 23:10:39.675 [catalogWatchTaskScheduler-1] [39mDEBUG[0;39m [36mo.s.c.g.r.RouteDefinitionRouteLocator[0;39m - RouteDefinition matched: platform-uploads
2026-09-20 23:10:39.675 [main] [39mDEBUG[0;39m [36mo.s.c.g.r.RouteDefinitionRouteLocator[0;39m - RouteDefinition matched: booking-actuator
2026-09-20 23:10:39.675 [catalogWatchTaskScheduler-1] [39mDEBUG[0;39m [36mo.s.c.g.r.RouteDefinitionRouteLocator[0;39m - RouteDefinition platform-api-docs applying {_genkey_0=/api/platform/v3/api-docs/**} to Path
2026-09-20 23:10:39.675 [main] [39mDEBUG[0;39m [36mo.s.c.g.r.RouteDefinitionRouteLocator[0;39m - RouteDefinition payment-actuator applying {_genkey_0=/api/payment/actuator/**} to Path
2026-09-20 23:10:39.676 [catalogWatchTaskScheduler-1] [39mDEBUG[0;39m [36mo.s.c.g.r.RouteDefinitionRouteLocator[0;39m - RouteDefinition platform-api-docs applying filter {_genkey_0=1} to StripPrefix
2026-09-20 23:10:39.676 [main] [39mDEBUG[0;39m [36mo.s.c.g.r.RouteDefinitionRouteLocator[0;39m - RouteDefinition payment-actuator applying filter {_genkey_0=1} to StripPrefix
2026-09-20 23:10:39.677 [catalogWatchTaskScheduler-1] [39mDEBUG[0;39m [36mo.s.c.g.r.RouteDefinitionRouteLocator[0;39m - RouteDefinition matched: platform-api-docs
2026-09-20 23:10:39.677 [catalogWatchTaskScheduler-1] [39mDEBUG[0;39m [36mo.s.c.g.r.RouteDefinitionRouteLocator[0;39m - RouteDefinition booking-api-docs applying {_genkey_0=/api/booking/v3/api-docs/**} to Path
2026-09-20 23:10:39.677 [main] [39mDEBUG[0;39m [36mo.s.c.g.r.RouteDefinitionRouteLocator[0;39m - RouteDefinition matched: payment-actuator
2026-09-20 23:10:39.678 [catalogWatchTaskScheduler-1] [39mDEBUG[0;39m [36mo.s.c.g.r.RouteDefinitionRouteLocator[0;39m - RouteDefinition booking-api-docs applying filter {_genkey_0=1} to StripPrefix
2026-09-20 23:10:39.679 [catalogWatchTaskScheduler-1] [39mDEBUG[0;39m [36mo.s.c.g.r.RouteDefinitionRouteLocator[0;39m - RouteDefinition matched: booking-api-docs
2026-09-20 23:10:39.679 [catalogWatchTaskScheduler-1] [39mDEBUG[0;39m [36mo.s.c.g.r.RouteDefinitionRouteLocator[0;39m - RouteDefinition payment-api-docs applying {_genkey_0=/api/payment/v3/api-docs/**} to Path
2026-09-20 23:10:39.680 [catalogWatchTaskScheduler-1] [39mDEBUG[0;39m [36mo.s.c.g.r.RouteDefinitionRouteLocator[0;39m - RouteDefinition payment-api-docs applying filter {_genkey_0=1} to StripPrefix
2026-09-20 23:10:39.681 [catalogWatchTaskScheduler-1] [39mDEBUG[0;39m [36mo.s.c.g.r.RouteDefinitionRouteLocator[0;39m - RouteDefinition matched: payment-api-docs
2026-09-20 23:10:39.681 [catalogWatchTaskScheduler-1] [39mDEBUG[0;39m [36mo.s.c.g.r.RouteDefinitionRouteLocator[0;39m - RouteDefinition platform-actuator-health applying {_genkey_0=/api/platform/actuator/health} to Path
2026-09-20 23:10:39.682 [catalogWatchTaskScheduler-1] [39mDEBUG[0;39m [36mo.s.c.g.r.RouteDefinitionRouteLocator[0;39m - RouteDefinition platform-actuator-health applying filter {_genkey_0=1} to StripPrefix
2026-09-20 23:10:39.683 [catalogWatchTaskScheduler-1] [39mDEBUG[0;39m [36mo.s.c.g.r.RouteDefinitionRouteLocator[0;39m - RouteDefinition matched: platform-actuator-health
2026-09-20 23:10:39.683 [catalogWatchTaskScheduler-1] [39mDEBUG[0;39m [36mo.s.c.g.r.RouteDefinitionRouteLocator[0;39m - RouteDefinition booking-actuator-health applying {_genkey_0=/api/booking/actuator/health} to Path
2026-09-20 23:10:39.684 [catalogWatchTaskScheduler-1] [39mDEBUG[0;39m [36mo.s.c.g.r.RouteDefinitionRouteLocator[0;39m - RouteDefinition booking-actuator-health applying filter {_genkey_0=1} to StripPrefix
2026-09-20 23:10:39.684 [catalogWatchTaskScheduler-1] [39mDEBUG[0;39m [36mo.s.c.g.r.RouteDefinitionRouteLocator[0;39m - RouteDefinition matched: booking-actuator-health
2026-09-20 23:10:39.685 [catalogWatchTaskScheduler-1] [39mDEBUG[0;39m [36mo.s.c.g.r.RouteDefinitionRouteLocator[0;39m - RouteDefinition payment-actuator-health applying {_genkey_0=/api/payment/actuator/health} to Path
2026-09-20 23:10:39.686 [catalogWatchTaskScheduler-1] [39mDEBUG[0;39m [36mo.s.c.g.r.RouteDefinitionRouteLocator[0;39m - RouteDefinition payment-actuator-health applying filter {_genkey_0=1} to StripPrefix
2026-09-20 23:10:39.687 [catalogWatchTaskScheduler-1] [39mDEBUG[0;39m [36mo.s.c.g.r.RouteDefinitionRouteLocator[0;39m - RouteDefinition matched: payment-actuator-health
2026-09-20 23:10:39.687 [catalogWatchTaskScheduler-1] [39mDEBUG[0;39m [36mo.s.c.g.r.RouteDefinitionRouteLocator[0;39m - RouteDefinition platform-admin applying {_genkey_0=/api/platform/admin/**} to Path
2026-09-20 23:10:39.688 [catalogWatchTaskScheduler-1] [39mDEBUG[0;39m [36mo.s.c.g.r.RouteDefinitionRouteLocator[0;39m - RouteDefinition platform-admin applying filter {_genkey_0=1} to StripPrefix
2026-09-20 23:10:39.689 [catalogWatchTaskScheduler-1] [39mDEBUG[0;39m [36mo.s.c.g.r.RouteDefinitionRouteLocator[0;39m - RouteDefinition matched: platform-admin
2026-09-20 23:10:39.689 [catalogWatchTaskScheduler-1] [39mDEBUG[0;39m [36mo.s.c.g.r.RouteDefinitionRouteLocator[0;39m - RouteDefinition platform-user applying {_genkey_0=/api/platform/user/**} to Path
2026-09-20 23:10:39.689 [catalogWatchTaskScheduler-1] [39mDEBUG[0;39m [36mo.s.c.g.r.RouteDefinitionRouteLocator[0;39m - RouteDefinition platform-user applying filter {_genkey_0=1} to StripPrefix
2026-09-20 23:10:39.690 [catalogWatchTaskScheduler-1] [39mDEBUG[0;39m [36mo.s.c.g.r.RouteDefinitionRouteLocator[0;39m - RouteDefinition matched: platform-user
2026-09-20 23:10:39.690 [catalogWatchTaskScheduler-1] [39mDEBUG[0;39m [36mo.s.c.g.r.RouteDefinitionRouteLocator[0;39m - RouteDefinition platform-other applying {_genkey_0=/api/platform/**} to Path
2026-09-20 23:10:39.691 [catalogWatchTaskScheduler-1] [39mDEBUG[0;39m [36mo.s.c.g.r.RouteDefinitionRouteLocator[0;39m - RouteDefinition platform-other applying filter {_genkey_0=1} to StripPrefix
2026-09-20 23:10:39.691 [main] [39mDEBUG[0;39m [36mo.s.c.g.filter.GatewayMetricsFilter[0;39m - New routes count: 17
2026-09-20 23:10:39.692 [catalogWatchTaskScheduler-1] [39mDEBUG[0;39m [36mo.s.c.g.r.RouteDefinitionRouteLocator[0;39m - RouteDefinition matched: platform-other
2026-09-20 23:10:39.692 [catalogWatchTaskScheduler-1] [39mDEBUG[0;39m [36mo.s.c.g.r.RouteDefinitionRouteLocator[0;39m - RouteDefinition booking-service applying {_genkey_0=/api/booking/**} to Path
2026-09-20 23:10:39.693 [catalogWatchTaskScheduler-1] [39mDEBUG[0;39m [36mo.s.c.g.r.RouteDefinitionRouteLocator[0;39m - RouteDefinition booking-service applying filter {_genkey_0=1} to StripPrefix
2026-09-20 23:10:39.694 [catalogWatchTaskScheduler-1] [39mDEBUG[0;39m [36mo.s.c.g.r.RouteDefinitionRouteLocator[0;39m - RouteDefinition matched: booking-service
2026-09-20 23:10:39.695 [catalogWatchTaskScheduler-1] [39mDEBUG[0;39m [36mo.s.c.g.r.RouteDefinitionRouteLocator[0;39m - RouteDefinition payment-service applying {_genkey_0=/api/payment/**} to Path
2026-09-20 23:10:39.696 [catalogWatchTaskScheduler-1] [39mDEBUG[0;39m [36mo.s.c.g.r.RouteDefinitionRouteLocator[0;39m - RouteDefinition payment-service applying filter {_genkey_0=1} to StripPrefix
2026-09-20 23:10:39.696 [catalogWatchTaskScheduler-1] [39mDEBUG[0;39m [36mo.s.c.g.r.RouteDefinitionRouteLocator[0;39m - RouteDefinition matched: payment-service
2026-09-20 23:10:39.696 [catalogWatchTaskScheduler-1] [39mDEBUG[0;39m [36mo.s.c.g.r.RouteDefinitionRouteLocator[0;39m - RouteDefinition platform-actuator applying {_genkey_0=/api/platform/actuator/**} to Path
2026-09-20 23:10:39.697 [catalogWatchTaskScheduler-1] [39mDEBUG[0;39m [36mo.s.c.g.r.RouteDefinitionRouteLocator[0;39m - RouteDefinition platform-actuator applying filter {_genkey_0=1} to StripPrefix
2026-09-20 23:10:39.697 [catalogWatchTaskScheduler-1] [39mDEBUG[0;39m [36mo.s.c.g.r.RouteDefinitionRouteLocator[0;39m - RouteDefinition matched: platform-actuator
2026-09-20 23:10:39.698 [catalogWatchTaskScheduler-1] [39mDEBUG[0;39m [36mo.s.c.g.r.RouteDefinitionRouteLocator[0;39m - RouteDefinition booking-actuator applying {_genkey_0=/api/booking/actuator/**} to Path
2026-09-20 23:10:39.698 [catalogWatchTaskScheduler-1] [39mDEBUG[0;39m [36mo.s.c.g.r.RouteDefinitionRouteLocator[0;39m - RouteDefinition booking-actuator applying filter {_genkey_0=1} to StripPrefix
2026-09-20 23:10:39.699 [catalogWatchTaskScheduler-1] [39mDEBUG[0;39m [36mo.s.c.g.r.RouteDefinitionRouteLocator[0;39m - RouteDefinition matched: booking-actuator
2026-09-20 23:10:39.699 [catalogWatchTaskScheduler-1] [39mDEBUG[0;39m [36mo.s.c.g.r.RouteDefinitionRouteLocator[0;39m - RouteDefinition payment-actuator applying {_genkey_0=/api/payment/actuator/**} to Path
2026-09-20 23:10:39.700 [catalogWatchTaskScheduler-1] [39mDEBUG[0;39m [36mo.s.c.g.r.RouteDefinitionRouteLocator[0;39m - RouteDefinition payment-actuator applying filter {_genkey_0=1} to StripPrefix
2026-09-20 23:10:39.700 [catalogWatchTaskScheduler-1] [39mDEBUG[0;39m [36mo.s.c.g.r.RouteDefinitionRouteLocator[0;39m - RouteDefinition matched: payment-actuator
2026-09-20 23:10:39.703 [catalogWatchTaskScheduler-1] [39mDEBUG[0;39m [36mo.s.c.g.filter.GatewayMetricsFilter[0;39m - New routes count: 17
